// Jest Snapshot v1, https://goo.gl/fbAQLP

exports[`Welcome should render correctly 1`] = `
<Fragment>
  <WithStyles(ForwardRef(Typography))
    variant="h4"
  >
    Welcome to Nested Menu.
  </WithStyles(ForwardRef(Typography))>
  <WithStyles(ForwardRef(Typography))
    variant="subtitle1"
  >
    This project is made to show how we can make Nested menu with unlimited nested menu items.
  </WithStyles(ForwardRef(Typography))>
</Fragment>
`;
